// Jest Snapshot v1, https://jestjs.io/docs/snapshot-testing

exports[`Layer2 US adjustment rules-first runAdjustmentRulesUS returns base/eye/lip skeletons with evidenceKeys and ruleId 1`] = `
[
  {
    "becauseFacts": [
      "The reference base coverage is higher.",
      "Building coverage in thin passes reduces caking while still matching the reference.",
    ],
    "confidence": "medium",
    "doActionIds": [
      "T_BASE_BUILD_COVERAGE_THIN_PASSES",
      "T_BASE_SPOT_CONCEAL_ONLY",
      "T_BASE_SET_TZONE_LIGHT",
      "T_BASE_MIST_MELT",
      "US_base_fix_caking_01-en",
      "US_base_fix_floating_powder_01-en",
    ],
    "doActions": [],
    "evidenceKeys": [
      "lookSpec.breakdown.base.coverage",
      "lookSpec.breakdown.base.finish",
    ],
    "impactArea": "base",
    "market": "US",
    "ruleId": "BASE_BUILD_COVERAGE_SPOT",
    "safetyNotes": [
      "If the base starts to look heavy, stop layering and spot-correct instead.",
    ],
    "schemaVersion": "v0",
    "severity": 0.7,
    "tags": [
      "coverage",
    ],
    "whyMechanism": [
      "Thin passes reduce buildup while letting you reach the desired coverage level.",
    ],
  },
  {
    "becauseFacts": [
      "The reference eye look relies on liner direction/wing control.",
      "Eye tilt differs between user and reference, so wing angle needs adjustment.",
    ],
    "confidence": "medium",
    "doActionIds": [
      "T_EYE_LINER_OUTER_THIRD_START",
      "T_EYE_WING_SHORTEN",
      "T_EYE_WING_ANGLE_MORE_HORIZONTAL",
      "T_EYE_FILL_GAP_LASHLINE",
    ],
    "doActions": [],
    "evidenceKeys": [
      "userFaceProfile.geometry.eyeTiltDeg",
      "refFaceProfile.geometry.eyeTiltDeg",
      "similarityReport.topDeltas[*].evidence",
      "lookSpec.breakdown.eye.intent",
    ],
    "impactArea": "eye",
    "market": "US",
    "ruleId": "EYE_LINER_DIRECTION_ADAPT",
    "safetyNotes": [
      "Avoid thick liner across the full lid; thickness can overwhelm the eye area.",
    ],
    "schemaVersion": "v0",
    "severity": 0.7,
    "tags": [
      "liner",
      "wing",
    ],
    "whyMechanism": [
      "A slightly more horizontal, shorter wing reduces emphasis on tilt differences while preserving the reference mood.",
    ],
  },
  {
    "becauseFacts": [
      "Optional: add one macro activity technique card after the micro-steps.",
    ],
    "confidence": "low",
    "doActionIds": [
      "US_eye_liner_daily_upwing_01-en",
      "US_eye_liner_light_mixed_01-en",
      "US_eye_liner_winged_western_01-en",
    ],
    "doActionSelection": "choose_one",
    "doActions": [],
    "evidenceKeys": [
      "intent:EYE_LINER_ACTIVITY_PICK",
      "lookSpec.breakdown.eye.linerDirection.direction",
    ],
    "impactArea": "eye",
    "market": "US",
    "ruleId": "EYE_LINER_ACTIVITY_SLOT",
    "schemaVersion": "v0",
    "severity": 0.1,
    "tags": [
      "activity_slot",
      "eye_liner",
    ],
    "whyMechanism": [
      "Choose exactly one activity card to avoid mixing granularity inside the micro-step sequence.",
    ],
  },
  {
    "becauseFacts": [
      "The reference lip finish is glossy.",
      "A center-focused gloss effect is a safe way to match finish and enhance shape without over-lining.",
    ],
    "confidence": "medium",
    "doActionIds": [
      "T_LIP_SOFT_EDGE",
      "T_LIP_GLOSS_CENTER",
      "T_LIP_SHADE_CLOSE_FAMILY",
    ],
    "doActions": [],
    "evidenceKeys": [
      "lookSpec.breakdown.lip.finish",
      "userFaceProfile.geometry.lipFullnessRatio",
    ],
    "impactArea": "lip",
    "market": "US",
    "ruleId": "LIP_GLOSS_CENTER_GRADIENT",
    "safetyNotes": [
      "Avoid heavy over-lining; keep changes subtle to stay faithful to the reference.",
    ],
    "schemaVersion": "v0",
    "severity": 0.46666666666666634,
    "tags": [
      "gloss",
    ],
    "whyMechanism": [
      "Center gloss increases dimension and keeps the glossy finish aligned with the reference.",
    ],
  },
]
`;
